[pressure] detector started
[INFO] Listening on /tmp/press_event.sock
[INFO] waiting for UI socket...
[INFO] UI socket ready
[INFO] waiting for UI pressure socket...
[INFO] UI pressure socket ready
[INFO] pressure socket sender ready
[pressure] open /dev/ttyUSB0 @ 2000000
=== 相机张正友法标定参数读取完成 ===
内参矩阵 K:
 [[1.01473656e+03 0.00000000e+00 6.72638371e+02]
 [0.00000000e+00 1.01488547e+03 4.94282643e+02]
 [0.00000000e+00 0.00000000e+00 1.00000000e+00]]
畸变系数 D:
 [ 0.0708374  -0.15159907  0.          0.          0.        ]
[INFO] Logging to ./hand_depth_plane_avg.csv
INFO: Created TensorFlow Lite XNNPACK delegate for CPU.
[PEAK #01] idx=  596 val=158357 t=1767153308233 
[92m[PEAK] #1 depth=45.35[0m
[DEBUG][PRESSURE_PEAK] count=1 last=(press=158357, t=1767153308233)
[DEBUG][ALIGN] matched dt=-76.0ms press=158357
[DEBUG][SEND_PRESSURE] type=peak_update seq=1 len=256 min=40 max=2602
[ WARN:32@15.358] global /home/ljy/software/opencv/modules/core/src/matrix_expressions.cpp (1333) assign OpenCV/MatExpr: processing of multi-channel arrays might be changed in the future: https://github.com/opencv/opencv/issues/16739
[92m[PEAK] #2 depth=49.85[0m
[PEAK #02] idx=  633 val=163065 t=1767153309084 interval=851ms bpm=70.5
[DEBUG][PRESSURE_PEAK] count=1 last=(press=163065, t=1767153309084)
[DEBUG][ALIGN] matched dt=-25.0ms press=163065
[DEBUG][SEND_PRESSURE] type=peak_update seq=2 len=256 min=23 max=2410
[PEAK #03] idx=  674 val=156412 t=1767153309936 interval=852ms bpm=70.4
[92m[PEAK] #3 depth=47.86[0m
[DEBUG][PRESSURE_PEAK] count=1 last=(press=156412, t=1767153309936)
[DEBUG][ALIGN] matched dt=-73.0ms press=156412
[DEBUG][SEND_PRESSURE] type=peak_update seq=3 len=256 min=31 max=2597
[94m[FIT][0m depth = -19.335 + 0.000421 × press | RMSE=1.417, MAE=1.299
[92m[PEAK] #4 depth=40.07[0m
[PEAK #04] idx=  710 val=155752 t=1767153310807 interval=871ms bpm=68.9
[DEBUG][PRESSURE_PEAK] count=1 last=(press=155752, t=1767153310807)
[DEBUG][ALIGN] matched dt=-68.0ms press=155752
[DEBUG][SEND_PRESSURE] type=peak_update seq=4 len=256 min=30 max=2539
[94m[FIT][0m depth = -59.349 + 0.000669 × press | RMSE=2.559, MAE=1.948
[PEAK #05] idx=  753 val=158919 t=1767153311737 interval=930ms bpm=64.5
[92m[PEAK] #5 depth=43.17[0m
[DEBUG][PRESSURE_PEAK] count=1 last=(press=158919, t=1767153311737)
[DEBUG][ALIGN] matched dt=-38.0ms press=158919
[DEBUG][SEND_PRESSURE] type=peak_update seq=5 len=256 min=38 max=2594
[94m[FIT][0m depth = -70.821 + 0.000738 × press | RMSE=2.600, MAE=2.094
[92m[PEAK] #6 depth=45.08[0m
[PEAK #06] idx=  792 val=159043 t=1767153312628 interval=891ms bpm=67.3
[DEBUG][PRESSURE_PEAK] count=1 last=(press=159043, t=1767153312628)
[DEBUG][ALIGN] matched dt=-14.0ms press=159043
[DEBUG][SEND_PRESSURE] type=peak_update seq=6 len=256 min=21 max=2670
[94m[FIT][0m depth = -76.231 + 0.000771 × press | RMSE=2.386, MAE=1.861
[PEAK #07] idx=  830 val=156985 t=1767153313460 interval=832ms bpm=72.1
[92m[PEAK] #7 depth=45.77[0m
[DEBUG][PRESSURE_PEAK] count=1 last=(press=156985, t=1767153313460)
[DEBUG][ALIGN] matched dt=-137.0ms press=156985
[DEBUG][SEND_PRESSURE] type=peak_update seq=7 len=256 min=33 max=2679
[94m[FIT][0m depth = -77.038 + 0.000775 × press | RMSE=2.304, MAE=1.861
[92m[PEAK] #8 depth=43.01[0m
[PEAK #08] idx=  865 val=156030 t=1767153314351 interval=891ms bpm=67.3
[DEBUG][PRESSURE_PEAK] count=1 last=(press=156030, t=1767153314351)
[DEBUG][ALIGN] matched dt=-26.0ms press=156030
[DEBUG][SEND_PRESSURE] type=peak_update seq=8 len=256 min=39 max=2637
[94m[FIT][0m depth = -89.956 + 0.000854 × press | RMSE=2.160, MAE=1.670
[92m[PEAK] #9 depth=45.24[0m
[PEAK #09] idx=  901 val=158789 t=1767153315143 interval=792ms bpm=75.8
[DEBUG][PRESSURE_PEAK] count=1 last=(press=158789, t=1767153315143)
[DEBUG][ALIGN] matched dt=-65.0ms press=158789
[DEBUG][SEND_PRESSURE] type=peak_update seq=9 len=256 min=25 max=2552
[94m[FIT][0m depth = -86.693 + 0.000833 × press | RMSE=2.039, MAE=1.523
[PEAK #10] idx=  939 val=154122 t=1767153315975 interval=832ms bpm=72.1
[92m[PEAK] #10 depth=42.24[0m
[DEBUG][PRESSURE_PEAK] count=1 last=(press=154122, t=1767153315975)
[DEBUG][ALIGN] matched dt=-67.0ms press=154122
[DEBUG][SEND_PRESSURE] type=peak_update seq=10 len=256 min=12 max=2648
[94m[FIT][0m depth = -83.593 + 0.000813 × press | RMSE=1.938, MAE=1.418
[92m[PEAK] #11 depth=46.94[0m
[PEAK #11] idx=  977 val=154500 t=1767153316846 interval=871ms bpm=68.9
[DEBUG][PRESSURE_PEAK] count=1 last=(press=154500, t=1767153316846)
[DEBUG][ALIGN] matched dt=-31.0ms press=154500
[DEBUG][SEND_PRESSURE] type=peak_update seq=11 len=256 min=31 max=2646
[94m[FIT][0m depth = -73.913 + 0.000753 × press | RMSE=2.231, MAE=1.804
[92m[PEAK] #12 depth=46.04[0m
[PEAK #12] idx= 1016 val=153935 t=1767153317697 interval=851ms bpm=70.5
[DEBUG][PRESSURE_PEAK] count=1 last=(press=153935, t=1767153317697)
[DEBUG][ALIGN] matched dt=-15.0ms press=153935
[DEBUG][SEND_PRESSURE] type=peak_update seq=12 len=256 min=28 max=2603
[94m[FIT][0m depth = -62.540 + 0.000681 × press | RMSE=2.274, MAE=1.932
[PEAK #13] idx= 1052 val=152674 t=1767153318529 interval=832ms bpm=72.1
[92m[PEAK] #13 depth=47.85[0m
[DEBUG][PRESSURE_PEAK] count=1 last=(press=152674, t=1767153318529)
[DEBUG][ALIGN] matched dt=-79.0ms press=152674
[DEBUG][SEND_PRESSURE] type=peak_update seq=13 len=256 min=26 max=2734
[94m[FIT][0m depth = -43.848 + 0.000564 × press | RMSE=2.463, MAE=2.071
[92m[PEAK] #14 depth=44.28[0m
[PEAK #14] idx= 1088 val=152864 t=1767153319400 interval=871ms bpm=68.9
[DEBUG][PRESSURE_PEAK] count=1 last=(press=152864, t=1767153319400)
[DEBUG][ALIGN] matched dt=-8.0ms press=152864
[DEBUG][SEND_PRESSURE] type=peak_update seq=14 len=256 min=29 max=2638
[94m[FIT][0m depth = -25.423 + 0.000448 × press | RMSE=2.373, MAE=1.929
[PEAK #15] idx= 1127 val=147637 t=1767153320251 interval=851ms bpm=70.5
[92m[PEAK] #15 depth=45.34[0m
[DEBUG][PRESSURE_PEAK] count=1 last=(press=147637, t=1767153320251)
[DEBUG][ALIGN] matched dt=-98.0ms press=147637
[DEBUG][SEND_PRESSURE] type=peak_update seq=15 len=256 min=30 max=2675
[94m[FIT][0m depth = -4.821 + 0.000318 × press | RMSE=2.331, MAE=1.872
[92m[PEAK] #16 depth=43.10[0m
[PEAK #16] idx= 1167 val=150609 t=1767153321201 interval=950ms bpm=63.2
[DEBUG][PRESSURE_PEAK] count=1 last=(press=150609, t=1767153321201)
[DEBUG][ALIGN] matched dt=-6.0ms press=150609
[DEBUG][SEND_PRESSURE] type=peak_update seq=16 len=256 min=24 max=2658
[94m[FIT][0m depth = 7.881 + 0.000238 × press | RMSE=2.280, MAE=1.849
[PEAK #17] idx= 1201 val=150297 t=1767153321993 interval=792ms bpm=75.8
[92m[PEAK] #17 depth=43.81[0m
[DEBUG][PRESSURE_PEAK] count=1 last=(press=150297, t=1767153321993)
[DEBUG][ALIGN] matched dt=-47.0ms press=150297
[DEBUG][SEND_PRESSURE] type=peak_update seq=17 len=256 min=25 max=2680
[94m[FIT][0m depth = 16.190 + 0.000185 × press | RMSE=2.213, MAE=1.761
[92m[PEAK] #18 depth=41.97[0m
[PEAK #18] idx= 1241 val=150680 t=1767153322825 interval=832ms bpm=72.1
[DEBUG][PRESSURE_PEAK] count=1 last=(press=150680, t=1767153322825)
[DEBUG][ALIGN] matched dt=-82.0ms press=150680
[DEBUG][SEND_PRESSURE] type=peak_update seq=18 len=256 min=22 max=2513
[94m[FIT][0m depth = 16.710 + 0.000182 × press | RMSE=2.206, MAE=1.760
[92m[PEAK] #19 depth=42.08[0m
[PEAK #19] idx= 1272 val=145611 t=1767153323716 interval=891ms bpm=67.3
[DEBUG][PRESSURE_PEAK] count=1 last=(press=145611, t=1767153323716)
[DEBUG][ALIGN] matched dt=-24.0ms press=145611
[DEBUG][SEND_PRESSURE] type=peak_update seq=19 len=256 min=15 max=2432
[94m[FIT][0m depth = 16.695 + 0.000182 × press | RMSE=2.152, MAE=1.701
[92m[PEAK] #20 depth=41.41[0m
[PEAK #20] idx= 1310 val=148202 t=1767153324547 interval=831ms bpm=72.2
[DEBUG][PRESSURE_PEAK] count=1 last=(press=148202, t=1767153324547)
[DEBUG][ALIGN] matched dt=-59.0ms press=148202
[DEBUG][SEND_PRESSURE] type=peak_update seq=20 len=256 min=16 max=2581
[94m[FIT][0m depth = 12.638 + 0.000208 × press | RMSE=2.131, MAE=1.694
[92m[PEAK] #21 depth=40.79[0m
[PEAK #21] idx= 1351 val=146460 t=1767153325399 interval=852ms bpm=70.4
[DEBUG][PRESSURE_PEAK] count=1 last=(press=146460, t=1767153325399)
[DEBUG][ALIGN] matched dt=-74.0ms press=146460
[DEBUG][SEND_PRESSURE] type=peak_update seq=21 len=256 min=17 max=2478
[94m[FIT][0m depth = 8.628 + 0.000233 × press | RMSE=2.158, MAE=1.755
[92m[PEAK] #22 depth=44.09[0m
[PEAK #22] idx= 1388 val=151079 t=1767153326250 interval=851ms bpm=70.5
[DEBUG][PRESSURE_PEAK] count=1 last=(press=151079, t=1767153326250)
[DEBUG][ALIGN] matched dt=-90.0ms press=151079
[DEBUG][SEND_PRESSURE] type=peak_update seq=22 len=256 min=13 max=2560
[94m[FIT][0m depth = 7.600 + 0.000239 × press | RMSE=2.034, MAE=1.616
[92m[PEAK] #23 depth=42.71[0m
[PEAK #23] idx= 1423 val=151947 t=1767153327102 interval=852ms bpm=70.4
[DEBUG][PRESSURE_PEAK] count=1 last=(press=151947, t=1767153327102)
[DEBUG][ALIGN] matched dt=-37.0ms press=151947
[DEBUG][SEND_PRESSURE] type=peak_update seq=23 len=256 min=24 max=2753
[94m[FIT][0m depth = 8.752 + 0.000231 × press | RMSE=1.906, MAE=1.530
[PEAK #24] idx= 1460 val=152505 t=1767153327913 interval=811ms bpm=74.0
[92m[PEAK] #24 depth=47.59[0m
[DEBUG][PRESSURE_PEAK] count=1 last=(press=152505, t=1767153327913)
[DEBUG][ALIGN] matched dt=-66.0ms press=152505
[DEBUG][SEND_PRESSURE] type=peak_update seq=24 len=256 min=26 max=2646
[94m[FIT][0m depth = 9.365 + 0.000227 × press | RMSE=1.825, MAE=1.486
[PEAK #25] idx= 1502 val=150644 t=1767153328745 interval=832ms bpm=72.1
[92m[PEAK] #25 depth=45.54[0m
[DEBUG][PRESSURE_PEAK] count=1 last=(press=150644, t=1767153328745)
[DEBUG][ALIGN] matched dt=-166.0ms press=150644
[DEBUG][SEND_PRESSURE] type=peak_update seq=25 len=256 min=15 max=2571
[94m[FIT][0m depth = 9.520 + 0.000226 × press | RMSE=1.780, MAE=1.473
[PEAK #26] idx= 1541 val=151401 t=1767153329557 interval=812ms bpm=73.9
[92m[PEAK] #26 depth=47.70[0m
[DEBUG][PRESSURE_PEAK] count=1 last=(press=151401, t=1767153329557)
[DEBUG][ALIGN] matched dt=-194.0ms press=151401
[DEBUG][SEND_PRESSURE] type=peak_update seq=26 len=256 min=25 max=2624
[94m[FIT][0m depth = 10.048 + 0.000223 × press | RMSE=1.934, MAE=1.628
[PEAK #27] idx= 1581 val=150750 t=1767153330428 interval=871ms bpm=68.9
[92m[PEAK] #27 depth=45.36[0m
[DEBUG][PRESSURE_PEAK] count=1 last=(press=150750, t=1767153330428)
[DEBUG][ALIGN] matched dt=-207.0ms press=150750
[DEBUG][SEND_PRESSURE] type=peak_update seq=27 len=256 min=21 max=2624
[94m[FIT][0m depth = 7.999 + 0.000238 × press | RMSE=1.955, MAE=1.704
[PEAK #28] idx= 1622 val=144548 t=1767153331358 interval=930ms bpm=64.5
[92m[PEAK] #28 depth=46.96[0m
[DEBUG][PRESSURE_PEAK] count=1 last=(press=144548, t=1767153331358)
[DEBUG][ALIGN] matched dt=-161.0ms press=144548
[DEBUG][SEND_PRESSURE] type=peak_update seq=28 len=256 min=8 max=2292
[94m[FIT][0m depth = 7.311 + 0.000244 × press | RMSE=2.080, MAE=1.837
[92m[PEAK] #29 depth=44.95[0m
[PEAK #29] idx= 1653 val=152223 t=1767153332170 interval=812ms bpm=73.9
[DEBUG][PRESSURE_PEAK] count=1 last=(press=152223, t=1767153332170)
[DEBUG][ALIGN] matched dt=-206.0ms press=152223
[DEBUG][SEND_PRESSURE] type=peak_update seq=29 len=256 min=18 max=1444
[94m[FIT][0m depth = 6.329 + 0.000251 × press | RMSE=2.066, MAE=1.778
[PEAK #30] idx= 1689 val=151870 t=1767153333047 interval=877ms bpm=68.4
[92m[PEAK] #30 depth=47.64[0m
[DEBUG][PRESSURE_PEAK] count=1 last=(press=151870, t=1767153333047)
[DEBUG][ALIGN] matched dt=-158.0ms press=151870
[DEBUG][SEND_PRESSURE] type=peak_update seq=30 len=256 min=28 max=2585
[94m[FIT][0m depth = 3.502 + 0.000272 × press | RMSE=1.997, MAE=1.701
[PEAK #31] idx= 1727 val=147942 t=1767153333873 interval=826ms bpm=72.6
[92m[PEAK] #31 depth=45.43[0m
[DEBUG][PRESSURE_PEAK] count=1 last=(press=147942, t=1767153333873)
[DEBUG][ALIGN] matched dt=-191.0ms press=147942
[DEBUG][SEND_PRESSURE] type=peak_update seq=31 len=256 min=27 max=2599
[94m[FIT][0m depth = 2.856 + 0.000277 × press | RMSE=2.016, MAE=1.753
[PEAK #32] idx= 1765 val=148812 t=1767153334744 interval=871ms bpm=68.9
[92m[PEAK] #32 depth=48.60[0m
[DEBUG][PRESSURE_PEAK] count=1 last=(press=148812, t=1767153334744)
[DEBUG][ALIGN] matched dt=-141.0ms press=148812
[DEBUG][SEND_PRESSURE] type=peak_update seq=32 len=256 min=31 max=2542
[94m[FIT][0m depth = 3.542 + 0.000274 × press | RMSE=2.219, MAE=1.956
[PEAK #33] idx= 1806 val=145842 t=1767153335556 interval=812ms bpm=73.9
[92m[PEAK] #33 depth=44.99[0m
[DEBUG][PRESSURE_PEAK] count=1 last=(press=145842, t=1767153335556)
[DEBUG][ALIGN] matched dt=-153.0ms press=145842
[DEBUG][SEND_PRESSURE] type=peak_update seq=33 len=256 min=21 max=2440
[94m[FIT][0m depth = 4.698 + 0.000266 × press | RMSE=2.163, MAE=1.864
[PEAK #34] idx= 1839 val=148256 t=1767153336328 interval=772ms bpm=77.7
[92m[PEAK] #34 depth=47.38[0m
[DEBUG][PRESSURE_PEAK] count=1 last=(press=148256, t=1767153336328)
[DEBUG][ALIGN] matched dt=-200.0ms press=148256
[DEBUG][SEND_PRESSURE] type=peak_update seq=34 len=256 min=18 max=2486
[94m[FIT][0m depth = 7.300 + 0.000250 × press | RMSE=2.238, MAE=1.940
[PEAK #35] idx= 1877 val=146936 t=1767153337199 interval=871ms bpm=68.9
[92m[PEAK] #35 depth=42.36[0m
[DEBUG][PRESSURE_PEAK] count=1 last=(press=146936, t=1767153337199)
[DEBUG][ALIGN] matched dt=-177.0ms press=146936
[DEBUG][SEND_PRESSURE] type=peak_update seq=35 len=256 min=29 max=2516
[94m[FIT][0m depth = 11.436 + 0.000223 × press | RMSE=2.273, MAE=2.012
[PEAK #36] idx= 1918 val=147051 t=1767153338051 interval=852ms bpm=70.4
[92m[PEAK] #36 depth=42.85[0m
[DEBUG][PRESSURE_PEAK] count=1 last=(press=147051, t=1767153338051)
[DEBUG][ALIGN] matched dt=-194.0ms press=147051
[DEBUG][SEND_PRESSURE] type=peak_update seq=36 len=256 min=30 max=2568
[94m[FIT][0m depth = 12.601 + 0.000215 × press | RMSE=2.250, MAE=1.981
[PEAK #37] idx= 1959 val=143659 t=1767153338942 interval=891ms bpm=67.3
[92m[PEAK] #37 depth=39.67[0m
[DEBUG][PRESSURE_PEAK] count=1 last=(press=143659, t=1767153338942)
[DEBUG][ALIGN] matched dt=-215.0ms press=143659
[DEBUG][SEND_PRESSURE] type=peak_update seq=37 len=256 min=21 max=2439
[94m[FIT][0m depth = 8.105 + 0.000245 × press | RMSE=2.339, MAE=2.037
[PEAK #38] idx= 2003 val=146544 t=1767153339813 interval=871ms bpm=68.9
[92m[PEAK] #38 depth=41.45[0m
[DEBUG][PRESSURE_PEAK] count=1 last=(press=146544, t=1767153339813)
[DEBUG][ALIGN] matched dt=-168.0ms press=146544
[DEBUG][SEND_PRESSURE] type=peak_update seq=38 len=256 min=27 max=2453
[94m[FIT][0m depth = -1.484 + 0.000310 × press | RMSE=2.260, MAE=1.945
[PEAK #39] idx= 2043 val=144979 t=1767153340724 interval=911ms bpm=65.9
[92m[PEAK] #39 depth=39.45[0m
[DEBUG][PRESSURE_PEAK] count=1 last=(press=144979, t=1767153340724)
[DEBUG][ALIGN] matched dt=-143.0ms press=144979
[DEBUG][SEND_PRESSURE] type=peak_update seq=39 len=256 min=37 max=2492
[94m[FIT][0m depth = -12.865 + 0.000386 × press | RMSE=2.357, MAE=2.022
[PEAK #40] idx= 2079 val=154703 t=1767153341595 interval=871ms bpm=68.9
[92m[PEAK] #40 depth=42.61[0m
[DEBUG][PRESSURE_PEAK] count=1 last=(press=154703, t=1767153341595)
[DEBUG][ALIGN] matched dt=-180.0ms press=154703
[DEBUG][SEND_PRESSURE] type=peak_update seq=40 len=256 min=27 max=2594
[94m[FIT][0m depth = -17.534 + 0.000417 × press | RMSE=2.488, MAE=2.182
[PEAK #41] idx= 2118 val=152814 t=1767153342486 interval=891ms bpm=67.3
[92m[PEAK] #41 depth=43.89[0m
[DEBUG][PRESSURE_PEAK] count=1 last=(press=152814, t=1767153342486)
[DEBUG][ALIGN] matched dt=-88.0ms press=152814
[DEBUG][SEND_PRESSURE] type=peak_update seq=41 len=256 min=35 max=2592
[94m[FIT][0m depth = -18.499 + 0.000423 × press | RMSE=2.443, MAE=2.148
[PEAK #42] idx= 2157 val=155354 t=1767153343337 interval=851ms bpm=70.5
[92m[PEAK] #42 depth=43.44[0m
[DEBUG][PRESSURE_PEAK] count=1 last=(press=155354, t=1767153343337)
[DEBUG][ALIGN] matched dt=-165.0ms press=155354
[DEBUG][SEND_PRESSURE] type=peak_update seq=42 len=256 min=34 max=2542
[94m[FIT][0m depth = -13.195 + 0.000387 × press | RMSE=2.508, MAE=2.232
[PEAK #43] idx= 2196 val=159383 t=1767153344189 interval=852ms bpm=70.4
[92m[PEAK] #43 depth=44.46[0m
[DEBUG][PRESSURE_PEAK] count=1 last=(press=159383, t=1767153344189)
[DEBUG][ALIGN] matched dt=-169.0ms press=159383
[DEBUG][SEND_PRESSURE] type=peak_update seq=43 len=256 min=27 max=2583
[94m[FIT][0m depth = -3.954 + 0.000325 × press | RMSE=2.496, MAE=2.200
[PEAK #44] idx= 2235 val=152379 t=1767153345040 interval=851ms bpm=70.5
[92m[PEAK] #44 depth=51.61[0m
[DEBUG][PRESSURE_PEAK] count=1 last=(press=152379, t=1767153345040)
[DEBUG][ALIGN] matched dt=-142.0ms press=152379
[DEBUG][SEND_PRESSURE] type=peak_update seq=44 len=256 min=35 max=2481
[94m[FIT][0m depth = 6.172 + 0.000257 × press | RMSE=2.829, MAE=2.420
[PEAK #45] idx= 2270 val=153757 t=1767153345891 interval=851ms bpm=70.5
[92m[PEAK] #45 depth=45.68[0m
[DEBUG][PRESSURE_PEAK] count=1 last=(press=153757, t=1767153345891)
[DEBUG][ALIGN] matched dt=-138.0ms press=153757
[DEBUG][SEND_PRESSURE] type=peak_update seq=45 len=256 min=25 max=2535
[94m[FIT][0m depth = 11.276 + 0.000223 × press | RMSE=2.826, MAE=2.394
[PEAK #46] idx= 2306 val=157551 t=1767153346723 interval=832ms bpm=72.1
[92m[PEAK] #46 depth=48.20[0m
[DEBUG][PRESSURE_PEAK] count=1 last=(press=157551, t=1767153346723)
[DEBUG][ALIGN] matched dt=-130.0ms press=157551
[DEBUG][SEND_PRESSURE] type=peak_update seq=46 len=256 min=50 max=2608
[94m[FIT][0m depth = 13.288 + 0.000210 × press | RMSE=2.793, MAE=2.359
[PEAK #47] idx= 2349 val=157995 t=1767153347574 interval=851ms bpm=70.5
[92m[PEAK] #47 depth=46.94[0m
[DEBUG][PRESSURE_PEAK] count=1 last=(press=157995, t=1767153347574)
[DEBUG][ALIGN] matched dt=-182.0ms press=157995
[DEBUG][SEND_PRESSURE] type=peak_update seq=47 len=256 min=25 max=2614
[94m[FIT][0m depth = 13.073 + 0.000211 × press | RMSE=2.793, MAE=2.352
[PEAK #48] idx= 2388 val=150176 t=1767153348465 interval=891ms bpm=67.3
[92m[PEAK] #48 depth=44.04[0m
[DEBUG][PRESSURE_PEAK] count=1 last=(press=150176, t=1767153348465)
[DEBUG][ALIGN] matched dt=-85.0ms press=150176
[DEBUG][SEND_PRESSURE] type=peak_update seq=48 len=256 min=40 max=2465
[94m[FIT][0m depth = 9.450 + 0.000235 × press | RMSE=2.667, MAE=2.161
[PEAK #49] idx= 2427 val=156384 t=1767153349356 interval=891ms bpm=67.3
[92m[PEAK] #49 depth=44.33[0m
[DEBUG][PRESSURE_PEAK] count=1 last=(press=156384, t=1767153349356)
[DEBUG][ALIGN] matched dt=-148.0ms press=156384
[DEBUG][SEND_PRESSURE] type=peak_update seq=49 len=256 min=18 max=2590
[94m[FIT][0m depth = 7.481 + 0.000248 × press | RMSE=2.703, MAE=2.254
[PEAK #50] idx= 2467 val=147362 t=1767153350188 interval=832ms bpm=72.1
[92m[PEAK] #50 depth=40.26[0m
[DEBUG][PRESSURE_PEAK] count=1 last=(press=147362, t=1767153350188)
[DEBUG][ALIGN] matched dt=-167.0ms press=147362
[DEBUG][SEND_PRESSURE] type=peak_update seq=50 len=256 min=39 max=2492
[94m[FIT][0m depth = 4.774 + 0.000265 × press | RMSE=2.728, MAE=2.221
[PEAK #51] idx= 2506 val=158487 t=1767153351039 interval=851ms bpm=70.5
[92m[PEAK] #51 depth=43.06[0m
[DEBUG][PRESSURE_PEAK] count=1 last=(press=158487, t=1767153351039)
[DEBUG][ALIGN] matched dt=-202.0ms press=158487
[DEBUG][SEND_PRESSURE] type=peak_update seq=51 len=256 min=35 max=2660
[94m[FIT][0m depth = 3.977 + 0.000269 × press | RMSE=2.789, MAE=2.247
[PEAK #52] idx= 2546 val=153953 t=1767153351910 interval=871ms bpm=68.9
[92m[PEAK] #52 depth=49.11[0m
[DEBUG][PRESSURE_PEAK] count=1 last=(press=153953, t=1767153351910)
[DEBUG][ALIGN] matched dt=-151.0ms press=153953
[DEBUG][SEND_PRESSURE] type=peak_update seq=52 len=256 min=36 max=2610
[94m[FIT][0m depth = 1.814 + 0.000282 × press | RMSE=2.711, MAE=2.167
[PEAK #53] idx= 2584 val=153998 t=1767153352781 interval=871ms bpm=68.9
[92m[PEAK] #53 depth=46.44[0m
[DEBUG][PRESSURE_PEAK] count=1 last=(press=153998, t=1767153352781)
[DEBUG][ALIGN] matched dt=-133.0ms press=153998
[DEBUG][SEND_PRESSURE] type=peak_update seq=53 len=256 min=44 max=2471
[94m[FIT][0m depth = 0.165 + 0.000292 × press | RMSE=2.667, MAE=2.082
[PEAK #54] idx= 2620 val=155337 t=1767153353652 interval=871ms bpm=68.9
[92m[PEAK] #54 depth=45.25[0m
[DEBUG][PRESSURE_PEAK] count=1 last=(press=155337, t=1767153353652)
[DEBUG][ALIGN] matched dt=-81.0ms press=155337
[DEBUG][SEND_PRESSURE] type=peak_update seq=54 len=256 min=26 max=2520
[94m[FIT][0m depth = -3.462 + 0.000315 × press | RMSE=2.467, MAE=1.823
[35m[OCCL_START] seq=1[0m
[35m[OCCL_END] seq=1[0m
[35m[OCCL_START] seq=2[0m
