[pressure] open /dev/ttyUSB0 @ 2000000[pressure] detector started

[INFO] Listening on /tmp/press_event.sock
[INFO] waiting for UI socket...
[INFO] UI socket ready
[INFO] waiting for UI pressure socket...
[INFO] UI pressure socket ready
[INFO] pressure socket sender ready
=== 相机张正友法标定参数读取完成 ===
内参矩阵 K:
 [[1.01473656e+03 0.00000000e+00 6.72638371e+02]
 [0.00000000e+00 1.01488547e+03 4.94282643e+02]
 [0.00000000e+00 0.00000000e+00 1.00000000e+00]]
畸变系数 D:
 [ 0.0708374  -0.15159907  0.          0.          0.        ]
[INFO] Logging to ./hand_depth_plane_avg.csv
INFO: Created TensorFlow Lite XNNPACK delegate for CPU.
[PEAK #01] idx=  734 val=173319 t=1767152216585 
[92m[PEAK] #1 depth=48.87[0m
[DEBUG][PRESSURE_PEAK] count=1 last=(press=173319, t=1767152216585)
[DEBUG][ALIGN] matched dt=-49.0ms press=173319
[DEBUG][SEND_PRESSURE] type=peak_update seq=1 len=256 min=21 max=2679
[ WARN:32@19.085] global /home/ljy/software/opencv/modules/core/src/matrix_expressions.cpp (1333) assign OpenCV/MatExpr: processing of multi-channel arrays might be changed in the future: https://github.com/opencv/opencv/issues/16739
[92m[PEAK] #2 depth=52.93[0m
[PEAK #02] idx=  775 val=170118 t=1767152217405 interval=820ms bpm=73.2
[DEBUG][PRESSURE_PEAK] count=1 last=(press=170118, t=1767152217405)
[DEBUG][ALIGN] matched dt=-64.0ms press=170118
[DEBUG][SEND_PRESSURE] type=peak_update seq=2 len=256 min=20 max=2562
[92m[PEAK] #3 depth=54.30[0m
[PEAK #03] idx=  815 val=163479 t=1767152218189 interval=784ms bpm=76.5
[DEBUG][PRESSURE_PEAK] count=1 last=(press=163479, t=1767152218189)
[DEBUG][ALIGN] matched dt=-45.0ms press=163479
[DEBUG][SEND_PRESSURE] type=peak_update seq=3 len=256 min=19 max=2532
[94m[FIT][0m depth = 136.462 + -0.000500 × press | RMSE=1.060, MAE=0.980
[92m[PEAK] #4 depth=54.23[0m
[PEAK #04] idx=  854 val=162166 t=1767152219000 interval=811ms bpm=74.0
[DEBUG][PRESSURE_PEAK] count=1 last=(press=162166, t=1767152219000)
[DEBUG][ALIGN] matched dt=-34.0ms press=162166
[DEBUG][SEND_PRESSURE] type=peak_update seq=4 len=256 min=9 max=2545
[94m[FIT][0m depth = 130.273 + -0.000464 × press | RMSE=1.002, MAE=0.831
[PEAK #05] idx=  895 val=159033 t=1767152219812 interval=812ms bpm=73.9
[92m[PEAK] #5 depth=54.32[0m
[DEBUG][PRESSURE_PEAK] count=1 last=(press=159033, t=1767152219812)
[DEBUG][ALIGN] matched dt=-198.0ms press=159033
[DEBUG][SEND_PRESSURE] type=peak_update seq=5 len=256 min=15 max=2531
[94m[FIT][0m depth = 123.436 + -0.000423 × press | RMSE=1.055, MAE=0.916
[92m[PEAK] #6 depth=53.63[0m
[PEAK #06] idx=  935 val=155906 t=1767152220644 interval=832ms bpm=72.1
[DEBUG][PRESSURE_PEAK] count=1 last=(press=155906, t=1767152220644)
[DEBUG][ALIGN] matched dt=-57.0ms press=155906
[DEBUG][SEND_PRESSURE] type=peak_update seq=6 len=256 min=11 max=2519
[94m[FIT][0m depth = 115.898 + -0.000379 × press | RMSE=1.243, MAE=1.098
[92m[PEAK] #7 depth=60.12[0m
[PEAK #07] idx=  976 val=162460 t=1767152221535 interval=891ms bpm=67.3
[DEBUG][PRESSURE_PEAK] count=1 last=(press=162460, t=1767152221535)
[DEBUG][ALIGN] matched dt=-32.0ms press=162460
[DEBUG][SEND_PRESSURE] type=peak_update seq=7 len=256 min=14 max=2667
[94m[FIT][0m depth = 112.884 + -0.000360 × press | RMSE=2.600, MAE=1.864
[PEAK #08] idx= 1007 val=160011 t=1767152222426 interval=891ms bpm=67.3
[92m[PEAK] #8 depth=57.74[0m
[DEBUG][PRESSURE_PEAK] count=1 last=(press=160011, t=1767152222426)
[DEBUG][ALIGN] matched dt=-8.0ms press=160011
[DEBUG][SEND_PRESSURE] type=peak_update seq=8 len=256 min=18 max=2664
[94m[FIT][0m depth = 107.030 + -0.000325 × press | RMSE=2.573, MAE=2.023
[92m[PEAK] #9 depth=56.13[0m
[PEAK #09] idx= 1047 val=154630 t=1767152223297 interval=871ms bpm=68.9
[DEBUG][PRESSURE_PEAK] count=1 last=(press=154630, t=1767152223297)
[DEBUG][ALIGN] matched dt=-22.0ms press=154630
[DEBUG][SEND_PRESSURE] type=peak_update seq=9 len=256 min=8 max=2594
[94m[FIT][0m depth = 102.632 + -0.000298 × press | RMSE=2.448, MAE=1.849
[PEAK #10] idx= 1088 val=155376 t=1767152224109 interval=812ms bpm=73.9
[92m[PEAK] #10 depth=53.80[0m
[DEBUG][PRESSURE_PEAK] count=1 last=(press=155376, t=1767152224109)
[DEBUG][ALIGN] matched dt=-72.0ms press=155376
[DEBUG][SEND_PRESSURE] type=peak_update seq=10 len=256 min=22 max=2584
[94m[FIT][0m depth = 99.308 + -0.000277 × press | RMSE=2.463, MAE=1.784
[PEAK #11] idx= 1131 val=155855 t=1767152225000 interval=891ms bpm=67.3
[92m[PEAK] #11 depth=56.87[0m
[DEBUG][PRESSURE_PEAK] count=1 last=(press=155855, t=1767152225000)
[DEBUG][ALIGN] matched dt=-56.0ms press=155855
[DEBUG][SEND_PRESSURE] type=peak_update seq=11 len=256 min=5 max=2632
[94m[FIT][0m depth = 99.695 + -0.000278 × press | RMSE=2.361, MAE=1.723
[PEAK #12] idx= 1175 val=154877 t=1767152225871 interval=871ms bpm=68.9
[92m[PEAK] #12 depth=56.00[0m
[DEBUG][PRESSURE_PEAK] count=1 last=(press=154877, t=1767152225871)
[DEBUG][ALIGN] matched dt=-191.0ms press=154877
[DEBUG][SEND_PRESSURE] type=peak_update seq=12 len=256 min=16 max=2517
[94m[FIT][0m depth = 98.398 + -0.000270 × press | RMSE=2.263, MAE=1.598
[PEAK #13] idx= 1218 val=153579 t=1767152226723 interval=852ms bpm=70.4
[92m[PEAK] #13 depth=52.22[0m
[DEBUG][PRESSURE_PEAK] count=1 last=(press=153579, t=1767152226723)
[DEBUG][ALIGN] matched dt=-183.0ms press=153579
[DEBUG][SEND_PRESSURE] type=peak_update seq=13 len=256 min=13 max=2595
[94m[FIT][0m depth = 93.745 + -0.000242 × press | RMSE=2.444, MAE=1.745
[PEAK #14] idx= 1258 val=153428 t=1767152227594 interval=871ms bpm=68.9
[92m[PEAK] #14 depth=52.06[0m
[DEBUG][PRESSURE_PEAK] count=1 last=(press=153428, t=1767152227594)
[DEBUG][ALIGN] matched dt=-121.0ms press=153428
[DEBUG][SEND_PRESSURE] type=peak_update seq=14 len=256 min=21 max=2414
[94m[FIT][0m depth = 88.529 + -0.000210 × press | RMSE=2.540, MAE=1.899
[PEAK #15] idx= 1296 val=158469 t=1767152228465 interval=871ms bpm=68.9
[92m[PEAK] #15 depth=57.05[0m
[DEBUG][PRESSURE_PEAK] count=1 last=(press=158469, t=1767152228465)
[DEBUG][ALIGN] matched dt=-175.0ms press=158469
[DEBUG][SEND_PRESSURE] type=peak_update seq=15 len=256 min=1 max=2615
[94m[FIT][0m depth = 85.295 + -0.000191 × press | RMSE=2.525, MAE=1.929
[PEAK #16] idx= 1337 val=155341 t=1767152229356 interval=891ms bpm=67.3
[92m[PEAK] #16 depth=54.46[0m
[DEBUG][PRESSURE_PEAK] count=1 last=(press=155341, t=1767152229356)
[DEBUG][ALIGN] matched dt=-181.0ms press=155341
[DEBUG][SEND_PRESSURE] type=peak_update seq=16 len=256 min=13 max=2655
[94m[FIT][0m depth = 81.439 + -0.000167 × press | RMSE=2.452, MAE=1.856
[PEAK #17] idx= 1381 val=157978 t=1767152230306 interval=950ms bpm=63.2
[92m[PEAK] #17 depth=58.68[0m
[DEBUG][PRESSURE_PEAK] count=1 last=(press=157978, t=1767152230306)
[DEBUG][ALIGN] matched dt=-140.0ms press=157978
[DEBUG][SEND_PRESSURE] type=peak_update seq=17 len=256 min=11 max=2670
[94m[FIT][0m depth = 78.089 + -0.000147 × press | RMSE=2.544, MAE=1.980
[PEAK #18] idx= 1423 val=163166 t=1767152231257 interval=951ms bpm=63.1
[92m[PEAK] #18 depth=59.02[0m
[DEBUG][PRESSURE_PEAK] count=1 last=(press=163166, t=1767152231257)
[DEBUG][ALIGN] matched dt=-192.0ms press=163166
[DEBUG][SEND_PRESSURE] type=peak_update seq=18 len=256 min=8 max=2804
[94m[FIT][0m depth = 75.812 + -0.000132 × press | RMSE=2.689, MAE=2.187
[PEAK #19] idx= 1458 val=160486 t=1767152232148 interval=891ms bpm=67.3
[92m[PEAK] #19 depth=60.40[0m
[DEBUG][PRESSURE_PEAK] count=1 last=(press=160486, t=1767152232148)
[DEBUG][ALIGN] matched dt=-184.0ms press=160486
[DEBUG][SEND_PRESSURE] type=peak_update seq=19 len=256 min=14 max=2690
[94m[FIT][0m depth = 74.843 + -0.000125 × press | RMSE=2.879, MAE=2.378
[PEAK #20] idx= 1503 val=156957 t=1767152233078 interval=930ms bpm=64.5
[92m[PEAK] #20 depth=58.29[0m
[DEBUG][PRESSURE_PEAK] count=1 last=(press=156957, t=1767152233078)
[DEBUG][ALIGN] matched dt=-145.0ms press=156957
[DEBUG][SEND_PRESSURE] type=peak_update seq=20 len=256 min=11 max=2728
[94m[FIT][0m depth = 74.079 + -0.000119 × press | RMSE=2.864, MAE=2.386
[PEAK #21] idx= 1544 val=155050 t=1767152233890 interval=812ms bpm=73.9
[92m[PEAK] #21 depth=60.42[0m
[DEBUG][PRESSURE_PEAK] count=1 last=(press=155050, t=1767152233890)
[DEBUG][ALIGN] matched dt=-183.0ms press=155050
[DEBUG][SEND_PRESSURE] type=peak_update seq=21 len=256 min=12 max=2807
[94m[FIT][0m depth = 67.908 + -0.000078 × press | RMSE=2.657, MAE=2.344
[PEAK #22] idx= 1584 val=156060 t=1767152234762 interval=872ms bpm=68.8
[92m[PEAK] #22 depth=58.15[0m
[DEBUG][PRESSURE_PEAK] count=1 last=(press=156060, t=1767152234762)
[DEBUG][ALIGN] matched dt=-171.0ms press=156060
[DEBUG][SEND_PRESSURE] type=peak_update seq=22 len=256 min=11 max=2869
[94m[FIT][0m depth = 54.245 + 0.000010 × press | RMSE=2.422, MAE=2.112
[PEAK #23] idx= 1623 val=154756 t=1767152235653 interval=891ms bpm=67.3
[92m[PEAK] #23 depth=60.62[0m
[DEBUG][PRESSURE_PEAK] count=1 last=(press=154756, t=1767152235653)
[DEBUG][ALIGN] matched dt=-175.0ms press=154756
[DEBUG][SEND_PRESSURE] type=peak_update seq=23 len=256 min=8 max=2803
[94m[FIT][0m depth = 39.728 + 0.000104 × press | RMSE=2.492, MAE=2.013
[PEAK #24] idx= 1659 val=155464 t=1767152236524 interval=871ms bpm=68.9
[92m[PEAK] #24 depth=56.66[0m
[DEBUG][PRESSURE_PEAK] count=1 last=(press=155464, t=1767152236524)
[DEBUG][ALIGN] matched dt=-164.0ms press=155464
[DEBUG][SEND_PRESSURE] type=peak_update seq=24 len=256 min=12 max=2775
[94m[FIT][0m depth = 21.110 + 0.000224 × press | RMSE=2.262, MAE=1.810
[PEAK #25] idx= 1698 val=158114 t=1767152237375 interval=851ms bpm=70.5
[92m[PEAK] #25 depth=57.94[0m
[DEBUG][PRESSURE_PEAK] count=1 last=(press=158114, t=1767152237375)
[DEBUG][ALIGN] matched dt=-115.0ms press=158114
[DEBUG][SEND_PRESSURE] type=peak_update seq=25 len=256 min=16 max=2751
[94m[FIT][0m depth = 0.387 + 0.000358 × press | RMSE=2.106, MAE=1.617
[PEAK #26] idx= 1737 val=155554 t=1767152238306 interval=931ms bpm=64.4
[92m[PEAK] #26 depth=60.37[0m
[DEBUG][PRESSURE_PEAK] count=1 last=(press=155554, t=1767152238306)
[DEBUG][ALIGN] matched dt=-131.0ms press=155554
[DEBUG][SEND_PRESSURE] type=peak_update seq=26 len=256 min=18 max=2819
[94m[FIT][0m depth = -12.921 + 0.000444 × press | RMSE=2.176, MAE=1.620
[PEAK #27] idx= 1780 val=158425 t=1767152239157 interval=851ms bpm=70.5
[92m[PEAK] #27 depth=63.59[0m
[DEBUG][PRESSURE_PEAK] count=1 last=(press=158425, t=1767152239157)
[DEBUG][ALIGN] matched dt=-207.0ms press=158425
[DEBUG][SEND_PRESSURE] type=peak_update seq=27 len=256 min=15 max=2784
[94m[FIT][0m depth = -21.573 + 0.000501 × press | RMSE=2.472, MAE=1.926
[PEAK #28] idx= 1825 val=156218 t=1767152240088 interval=931ms bpm=64.4
[92m[PEAK] #28 depth=61.10[0m
[DEBUG][PRESSURE_PEAK] count=1 last=(press=156218, t=1767152240088)
[DEBUG][ALIGN] matched dt=-127.0ms press=156218
[DEBUG][SEND_PRESSURE] type=peak_update seq=28 len=256 min=17 max=2799
[94m[FIT][0m depth = -29.778 + 0.000555 × press | RMSE=2.571, MAE=2.045
[PEAK #29] idx= 1868 val=160845 t=1767152240979 interval=891ms bpm=67.3
[35m[OCCL_START] seq=1[0m
[92m[PEAK] #29 depth=63.54[0m
[DEBUG][PRESSURE_PEAK] count=1 last=(press=160845, t=1767152240979)
[DEBUG][ALIGN] matched dt=-171.0ms press=160845
[DEBUG][SEND_PRESSURE] type=peak_update seq=29 len=256 min=19 max=2786
[94m[FIT][0m depth = -36.603 + 0.000601 × press | RMSE=2.645, MAE=2.197
[35m[OCCL_END] seq=1[0m
[PEAK #30] idx= 1912 val=156398 t=1767152241930 interval=951ms bpm=63.1
[92m[PEAK] #30 depth=59.61[0m
[DEBUG][PRESSURE_PEAK] count=1 last=(press=156398, t=1767152241930)
[DEBUG][ALIGN] matched dt=-173.0ms press=156398
[DEBUG][SEND_PRESSURE] type=peak_update seq=30 len=256 min=18 max=2857
[94m[FIT][0m depth = -40.196 + 0.000625 × press | RMSE=2.563, MAE=2.160
[PEAK #31] idx= 1952 val=158770 t=1767152242840 interval=910ms bpm=65.9
[35m[OCCL_START] seq=2[0m
[92m[PEAK] #31 depth=61.82[0m
[DEBUG][PRESSURE_PEAK] count=1 last=(press=158770, t=1767152242840)
[DEBUG][ALIGN] matched dt=-143.0ms press=158770
[DEBUG][SEND_PRESSURE] type=peak_update seq=31 len=256 min=25 max=2847
[94m[FIT][0m depth = -46.315 + 0.000666 × press | RMSE=2.597, MAE=2.245
[35m[OCCL_END] seq=2[0m
[PEAK #32] idx= 1987 val=154734 t=1767152243731 interval=891ms bpm=67.3
[35m[OCCL_START] seq=3[0m
[92m[PEAK] #32 depth=62.03[0m
[DEBUG][PRESSURE_PEAK] count=1 last=(press=154734, t=1767152243731)
[DEBUG][ALIGN] matched dt=-157.0ms press=154734
[DEBUG][SEND_PRESSURE] type=peak_update seq=32 len=256 min=16 max=2702
[94m[FIT][0m depth = -46.347 + 0.000667 × press | RMSE=2.788, MAE=2.426
[35m[OCCL_END] seq=3[0m
[PEAK #33] idx= 2018 val=157960 t=1767152244583 interval=852ms bpm=70.4
[35m[OCCL_START] seq=4[0m
[92m[PEAK] #33 depth=60.15[0m
[DEBUG][PRESSURE_PEAK] count=1 last=(press=157960, t=1767152244583)
[DEBUG][ALIGN] matched dt=-163.0ms press=157960
[DEBUG][SEND_PRESSURE] type=peak_update seq=33 len=256 min=21 max=2729
[94m[FIT][0m depth = -40.234 + 0.000630 × press | RMSE=2.553, MAE=2.177
[35m[OCCL_END] seq=4[0m
[PEAK #34] idx= 2064 val=158366 t=1767152245494 interval=911ms bpm=65.9
[92m[PEAK] #34 depth=56.03[0m
[DEBUG][PRESSURE_PEAK] count=1 last=(press=158366, t=1767152245494)
[DEBUG][ALIGN] matched dt=-189.0ms press=158366
[DEBUG][SEND_PRESSURE] type=peak_update seq=34 len=256 min=19 max=2845
[94m[FIT][0m depth = -22.645 + 0.000520 × press | RMSE=2.309, MAE=1.968
[PEAK #35] idx= 2107 val=153731 t=1767152246385 interval=891ms bpm=67.3
[35m[OCCL_START] seq=5[0m
[92m[PEAK] #35 depth=58.47[0m
[DEBUG][PRESSURE_PEAK] count=1 last=(press=153731, t=1767152246385)
[DEBUG][ALIGN] matched dt=-170.0ms press=153731
[DEBUG][SEND_PRESSURE] type=peak_update seq=35 len=256 min=15 max=2800
[94m[FIT][0m depth = -7.894 + 0.000427 × press | RMSE=2.230, MAE=1.845
[35m[OCCL_END] seq=5[0m
[PEAK #36] idx= 2144 val=154273 t=1767152247276 interval=891ms bpm=67.3
[92m[PEAK] #36 depth=56.19[0m
[DEBUG][PRESSURE_PEAK] count=1 last=(press=154273, t=1767152247276)
[DEBUG][ALIGN] matched dt=-175.0ms press=154273
[DEBUG][SEND_PRESSURE] type=peak_update seq=36 len=256 min=17 max=2576
[94m[FIT][0m depth = 7.785 + 0.000328 × press | RMSE=2.058, MAE=1.738
[PEAK #37] idx= 2173 val=146057 t=1767152248266 interval=990ms bpm=60.6
[92m[PEAK] #37 depth=60.53[0m
[DEBUG][PRESSURE_PEAK] count=1 last=(press=146057, t=1767152248266)
[DEBUG][ALIGN] matched dt=-149.0ms press=146057
[DEBUG][SEND_PRESSURE] type=peak_update seq=37 len=256 min=19 max=2631
[94m[FIT][0m depth = 24.357 + 0.000224 × press | RMSE=2.101, MAE=1.760
[PEAK #38] idx= 2207 val=148330 t=1767152249216 interval=950ms bpm=63.2
[35m[OCCL_START] seq=6[0m
[92m[PEAK] #38 depth=59.09[0m
[DEBUG][PRESSURE_PEAK] count=1 last=(press=148330, t=1767152249216)
[DEBUG][ALIGN] matched dt=-55.0ms press=148330
[DEBUG][SEND_PRESSURE] type=peak_update seq=38 len=256 min=26 max=2579
[94m[FIT][0m depth = 35.012 + 0.000157 × press | RMSE=2.079, MAE=1.696
[35m[OCCL_END] seq=6[0m
[PEAK #39] idx= 2241 val=149765 t=1767152250087 interval=871ms bpm=68.9
[92m[PEAK] #39 depth=59.42[0m
[DEBUG][PRESSURE_PEAK] count=1 last=(press=149765, t=1767152250087)
[DEBUG][ALIGN] matched dt=-170.0ms press=149765
[DEBUG][SEND_PRESSURE] type=peak_update seq=39 len=256 min=21 max=2661
[94m[FIT][0m depth = 37.506 + 0.000142 × press | RMSE=2.080, MAE=1.696
[PEAK #40] idx= 2282 val=151906 t=1767152250979 interval=892ms bpm=67.3
[92m[PEAK] #40 depth=59.45[0m
[DEBUG][PRESSURE_PEAK] count=1 last=(press=151906, t=1767152250979)
[DEBUG][ALIGN] matched dt=-177.0ms press=151906
[DEBUG][SEND_PRESSURE] type=peak_update seq=40 len=256 min=24 max=2840
[94m[FIT][0m depth = 40.999 + 0.000120 × press | RMSE=2.048, MAE=1.604
[PEAK #41] idx= 2329 val=155167 t=1767152251909 interval=930ms bpm=64.5
[92m[PEAK] #41 depth=57.26[0m
[DEBUG][PRESSURE_PEAK] count=1 last=(press=155167, t=1767152251909)
[DEBUG][ALIGN] matched dt=-157.0ms press=155167
[DEBUG][SEND_PRESSURE] type=peak_update seq=41 len=256 min=19 max=2843
[94m[FIT][0m depth = 44.296 + 0.000099 × press | RMSE=2.112, MAE=1.728
[PEAK #42] idx= 2366 val=150925 t=1767152252820 interval=911ms bpm=65.9
[92m[PEAK] #42 depth=56.91[0m
[DEBUG][PRESSURE_PEAK] count=1 last=(press=150925, t=1767152252820)
[DEBUG][ALIGN] matched dt=-129.0ms press=150925
[DEBUG][SEND_PRESSURE] type=peak_update seq=42 len=256 min=25 max=2769
[94m[FIT][0m depth = 41.904 + 0.000114 × press | RMSE=2.138, MAE=1.785
[PEAK #43] idx= 2411 val=152271 t=1767152253751 interval=931ms bpm=64.4
[92m[PEAK] #43 depth=56.01[0m
[DEBUG][PRESSURE_PEAK] count=1 last=(press=152271, t=1767152253751)
[DEBUG][ALIGN] matched dt=-132.0ms press=152271
[DEBUG][SEND_PRESSURE] type=peak_update seq=43 len=256 min=19 max=2818
[94m[FIT][0m depth = 39.831 + 0.000127 × press | RMSE=2.226, MAE=1.917
[PEAK #44] idx= 2450 val=155430 t=1767152254721 interval=970ms bpm=61.9
[92m[PEAK] #44 depth=60.58[0m
[DEBUG][PRESSURE_PEAK] count=1 last=(press=155430, t=1767152254721)
[DEBUG][ALIGN] matched dt=-144.0ms press=155430
[DEBUG][SEND_PRESSURE] type=peak_update seq=44 len=256 min=14 max=2860
[94m[FIT][0m depth = 37.135 + 0.000145 × press | RMSE=2.143, MAE=1.798
[PEAK #45] idx= 2495 val=152624 t=1767152255691 interval=970ms bpm=61.9
[92m[PEAK] #45 depth=57.79[0m
[DEBUG][PRESSURE_PEAK] count=1 last=(press=152624, t=1767152255691)
[DEBUG][ALIGN] matched dt=-137.0ms press=152624
[DEBUG][SEND_PRESSURE] type=peak_update seq=45 len=256 min=27 max=2746
[94m[FIT][0m depth = 33.553 + 0.000168 × press | RMSE=2.101, MAE=1.755
[PEAK #46] idx= 2539 val=151762 t=1767152256641 interval=950ms bpm=63.2
[92m[PEAK] #46 depth=57.58[0m
[DEBUG][PRESSURE_PEAK] count=1 last=(press=151762, t=1767152256641)
[DEBUG][ALIGN] matched dt=-123.0ms press=151762
[DEBUG][SEND_PRESSURE] type=peak_update seq=46 len=256 min=22 max=2755
[94m[FIT][0m depth = 29.676 + 0.000193 × press | RMSE=2.115, MAE=1.792
[PEAK #47] idx= 2581 val=147974 t=1767152257632 interval=991ms bpm=60.5
[92m[PEAK] #47 depth=55.66[0m
[DEBUG][PRESSURE_PEAK] count=1 last=(press=147974, t=1767152257632)
[DEBUG][ALIGN] matched dt=-184.0ms press=147974
[DEBUG][SEND_PRESSURE] type=peak_update seq=47 len=256 min=19 max=2793
[94m[FIT][0m depth = 27.234 + 0.000208 × press | RMSE=2.031, MAE=1.741
[PEAK #48] idx= 2620 val=151236 t=1767152258522 interval=890ms bpm=67.4
[92m[PEAK] #48 depth=56.82[0m
[DEBUG][PRESSURE_PEAK] count=1 last=(press=151236, t=1767152258522)
[DEBUG][ALIGN] matched dt=-89.0ms press=151236
[DEBUG][SEND_PRESSURE] type=peak_update seq=48 len=256 min=27 max=2699
[94m[FIT][0m depth = 25.724 + 0.000217 × press | RMSE=2.025, MAE=1.744
[PEAK #49] idx= 2658 val=153117 t=1767152259433 interval=911ms bpm=65.9
[92m[PEAK] #49 depth=55.67[0m
[DEBUG][PRESSURE_PEAK] count=1 last=(press=153117, t=1767152259433)
[DEBUG][ALIGN] matched dt=-188.0ms press=153117
[DEBUG][SEND_PRESSURE] type=peak_update seq=49 len=256 min=18 max=2787
[94m[FIT][0m depth = 27.757 + 0.000203 × press | RMSE=1.956, MAE=1.731
[PEAK #50] idx= 2700 val=155879 t=1767152260384 interval=951ms bpm=63.1
[92m[PEAK] #50 depth=58.62[0m
[DEBUG][PRESSURE_PEAK] count=1 last=(press=155879, t=1767152260384)
[DEBUG][ALIGN] matched dt=-176.0ms press=155879
[DEBUG][SEND_PRESSURE] type=peak_update seq=50 len=256 min=19 max=2879
[94m[FIT][0m depth = 31.402 + 0.000178 × press | RMSE=1.946, MAE=1.688
[PEAK #51] idx= 2742 val=155048 t=1767152261334 interval=950ms bpm=63.2
[92m[PEAK] #51 depth=58.63[0m
[DEBUG][PRESSURE_PEAK] count=1 last=(press=155048, t=1767152261334)
[DEBUG][ALIGN] matched dt=-154.0ms press=155048
[DEBUG][SEND_PRESSURE] type=peak_update seq=51 len=256 min=26 max=2845
[94m[FIT][0m depth = 37.971 + 0.000134 × press | RMSE=1.805, MAE=1.552
[PEAK #52] idx= 2785 val=153952 t=1767152262265 interval=931ms bpm=64.4
[92m[PEAK] #52 depth=59.57[0m
[DEBUG][PRESSURE_PEAK] count=1 last=(press=153952, t=1767152262265)
[DEBUG][ALIGN] matched dt=-144.0ms press=153952
[DEBUG][SEND_PRESSURE] type=peak_update seq=52 len=256 min=30 max=2897
[94m[FIT][0m depth = 45.213 + 0.000085 × press | RMSE=1.609, MAE=1.430
[PEAK #53] idx= 2827 val=152527 t=1767152263176 interval=911ms bpm=65.9
[92m[PEAK] #53 depth=60.48[0m
[DEBUG][PRESSURE_PEAK] count=1 last=(press=152527, t=1767152263176)
[DEBUG][ALIGN] matched dt=-168.0ms press=152527
[DEBUG][SEND_PRESSURE] type=peak_update seq=53 len=256 min=21 max=2786
[94m[FIT][0m depth = 54.597 + 0.000023 × press | RMSE=1.612, MAE=1.423
[PEAK #54] idx= 2858 val=148144 t=1767152264186 interval=1010ms bpm=59.4
[92m[PEAK] #54 depth=56.92[0m
[DEBUG][PRESSURE_PEAK] count=1 last=(press=148144, t=1767152264186)
[DEBUG][ALIGN] matched dt=-71.0ms press=148144
[DEBUG][SEND_PRESSURE] type=peak_update seq=54 len=256 min=26 max=2710
[94m[FIT][0m depth = 57.583 + 0.000003 × press | RMSE=1.589, MAE=1.398
[PEAK #55] idx= 2899 val=152666 t=1767152265037 interval=851ms bpm=70.5
[92m[PEAK] #55 depth=56.95[0m
[DEBUG][PRESSURE_PEAK] count=1 last=(press=152666, t=1767152265037)
[DEBUG][ALIGN] matched dt=-152.0ms press=152666
[DEBUG][SEND_PRESSURE] type=peak_update seq=55 len=256 min=32 max=2783
[94m[FIT][0m depth = 60.449 + -0.000016 × press | RMSE=1.605, MAE=1.431
[PEAK #56] idx= 2947 val=148311 t=1767152266027 interval=990ms bpm=60.6
[92m[PEAK] #56 depth=55.04[0m
[DEBUG][PRESSURE_PEAK] count=1 last=(press=148311, t=1767152266027)
[DEBUG][ALIGN] matched dt=-118.0ms press=148311
[DEBUG][SEND_PRESSURE] type=peak_update seq=56 len=256 min=31 max=2724
[94m[FIT][0m depth = 57.712 + 0.000002 × press | RMSE=1.665, MAE=1.442
[PEAK #57] idx= 2991 val=153886 t=1767152266978 interval=951ms bpm=63.1
[92m[PEAK] #57 depth=59.23[0m
[DEBUG][PRESSURE_PEAK] count=1 last=(press=153886, t=1767152266978)
[DEBUG][ALIGN] matched dt=-170.0ms press=153886
[DEBUG][SEND_PRESSURE] type=peak_update seq=57 len=256 min=23 max=2823
[94m[FIT][0m depth = 48.827 + 0.000060 × press | RMSE=1.463, MAE=1.233
[PEAK #58] idx= 3036 val=149261 t=1767152267948 interval=970ms bpm=61.9
[92m[PEAK] #58 depth=55.34[0m
[DEBUG][PRESSURE_PEAK] count=1 last=(press=149261, t=1767152267948)
[DEBUG][ALIGN] matched dt=-149.0ms press=149261
[DEBUG][SEND_PRESSURE] type=peak_update seq=58 len=256 min=20 max=2786
[94m[FIT][0m depth = 34.143 + 0.000156 × press | RMSE=1.391, MAE=1.141
[PEAK #59] idx= 3077 val=153485 t=1767152268878 interval=930ms bpm=64.5
[92m[PEAK] #59 depth=55.32[0m
[DEBUG][PRESSURE_PEAK] count=1 last=(press=153485, t=1767152268878)
[DEBUG][ALIGN] matched dt=-144.0ms press=153485
[DEBUG][SEND_PRESSURE] type=peak_update seq=59 len=256 min=23 max=2824
[94m[FIT][0m depth = 21.712 + 0.000237 × press | RMSE=1.391, MAE=1.083
[PEAK #60] idx= 3120 val=152187 t=1767152269849 interval=971ms bpm=61.8
[92m[PEAK] #60 depth=55.25[0m
[DEBUG][PRESSURE_PEAK] count=1 last=(press=152187, t=1767152269849)
[DEBUG][ALIGN] matched dt=-173.0ms press=152187
[DEBUG][SEND_PRESSURE] type=peak_update seq=60 len=256 min=20 max=2667
[94m[FIT][0m depth = 8.656 + 0.000322 × press | RMSE=1.380, MAE=1.081
[PEAK #61] idx= 3165 val=150599 t=1767152270819 interval=970ms bpm=61.9
[92m[PEAK] #61 depth=55.26[0m
[DEBUG][PRESSURE_PEAK] count=1 last=(press=150599, t=1767152270819)
[DEBUG][ALIGN] matched dt=-151.0ms press=150599
[DEBUG][SEND_PRESSURE] type=peak_update seq=61 len=256 min=23 max=2819
[94m[FIT][0m depth = -3.122 + 0.000398 × press | RMSE=1.377, MAE=1.079
[PEAK #62] idx= 3212 val=156958 t=1767152271749 interval=930ms bpm=64.5
[92m[PEAK] #62 depth=56.71[0m
[DEBUG][PRESSURE_PEAK] count=1 last=(press=156958, t=1767152271749)
[DEBUG][ALIGN] matched dt=-167.0ms press=156958
[DEBUG][SEND_PRESSURE] type=peak_update seq=62 len=256 min=29 max=2851
[94m[FIT][0m depth = -6.597 + 0.000420 × press | RMSE=1.485, MAE=1.206
[35m[OCCL_START] seq=7[0m
[35m[OCCL_END] seq=7[0m
[35m[OCCL_START] seq=8[0m
